{
  "ok": false,
  "scenarios": [
    {
      "scenario": "gauntlet-joint-orbat-smoke",
      "passed": false,
      "failures": [
        "row[3] scenario=gauntlet-joint-orbat-smoke seed=43904: kills 0 \u003C min 1",
        "row[3] scenario=gauntlet-joint-orbat-smoke seed=43904: missilesFired 12 \u003E max 11",
        "row[3] scenario=gauntlet-joint-orbat-smoke seed=43904: score -60 \u003C min 0"
      ],
      "warnings": [],
      "rows": 5
    },
    {
      "scenario": "gauntlet-multidomain-shooters",
      "passed": false,
      "failures": [
        "row[3] scenario=gauntlet-multidomain-shooters seed=43904: kills 0 \u003C min 1",
        "row[3] scenario=gauntlet-multidomain-shooters seed=43904: score -60 \u003C min 0"
      ],
      "warnings": [],
      "rows": 5
    }
  ],
  "allPassed": false
}
