  Determining projects to restore...
  Restored /home/username01/cmano-clone/.worktrees/saboteur-03-salvo-off-by-one/src/ProjectAegis.Delegation.UnityAdapter/ProjectAegis.Delegation.UnityAdapter.csproj (in 245 ms).
  Restored /home/username01/cmano-clone/.worktrees/saboteur-03-salvo-off-by-one/src/ProjectAegis.Data.Tests/ProjectAegis.Data.Tests.csproj (in 245 ms).
  Restored /home/username01/cmano-clone/.worktrees/saboteur-03-salvo-off-by-one/src/ProjectAegis.Sim.Benchmark/ProjectAegis.Sim.Benchmark.csproj (in 245 ms).
  Restored /home/username01/cmano-clone/.worktrees/saboteur-03-salvo-off-by-one/src/ProjectAegis.Data.Excel.Tests/ProjectAegis.Data.Excel.Tests.csproj (in 245 ms).
  Restored /home/username01/cmano-clone/.worktrees/saboteur-03-salvo-off-by-one/src/ProjectAegis.Data.Excel/ProjectAegis.Data.Excel.csproj (in 245 ms).
  Restored /home/username01/cmano-clone/.worktrees/saboteur-03-salvo-off-by-one/src/ProjectAegis.Delegation/ProjectAegis.Delegation.csproj (in 245 ms).
  Restored /home/username01/cmano-clone/.worktrees/saboteur-03-salvo-off-by-one/src/ProjectAegis.Sim/ProjectAegis.Sim.csproj (in 245 ms).
  Restored /home/username01/cmano-clone/.worktrees/saboteur-03-salvo-off-by-one/src/ProjectAegis.Data/ProjectAegis.Data.csproj (in 245 ms).
  Restored /home/username01/cmano-clone/.worktrees/saboteur-03-salvo-off-by-one/src/ProjectAegis.Delegation.UnityAdapter.Tests/ProjectAegis.Delegation.UnityAdapter.Tests.csproj (in 245 ms).
  Restored /home/username01/cmano-clone/.worktrees/saboteur-03-salvo-off-by-one/src/ProjectAegis.Delegation.Demo/ProjectAegis.Delegation.Demo.csproj (in 245 ms).
  Restored /home/username01/cmano-clone/.worktrees/saboteur-03-salvo-off-by-one/src/ProjectAegis.MissionEditor.Cli/ProjectAegis.MissionEditor.Cli.csproj (in 245 ms).
  Restored /home/username01/cmano-clone/.worktrees/saboteur-03-salvo-off-by-one/src/ProjectAegis.Delegation.Tests/ProjectAegis.Delegation.Tests.csproj (in 245 ms).
  Restored /home/username01/cmano-clone/.worktrees/saboteur-03-salvo-off-by-one/src/ProjectAegis.Sim.Tests/ProjectAegis.Sim.Tests.csproj (in 245 ms).
  Restored /home/username01/cmano-clone/.worktrees/saboteur-03-salvo-off-by-one/src/ProjectAegis.MissionEditor.Cli.Tests/ProjectAegis.MissionEditor.Cli.Tests.csproj (in 245 ms).
  ProjectAegis.Data -> /home/username01/cmano-clone/.worktrees/saboteur-03-salvo-off-by-one/src/ProjectAegis.Data/bin/Debug/net8.0/ProjectAegis.Data.dll
  ProjectAegis.Data -> /home/username01/cmano-clone/.worktrees/saboteur-03-salvo-off-by-one/src/ProjectAegis.Data/bin/Debug/netstandard2.1/ProjectAegis.Data.dll
  ProjectAegis.Data.Excel -> /home/username01/cmano-clone/.worktrees/saboteur-03-salvo-off-by-one/src/ProjectAegis.Data.Excel/bin/Debug/net8.0/ProjectAegis.Data.Excel.dll
  ProjectAegis.Sim -> /home/username01/cmano-clone/.worktrees/saboteur-03-salvo-off-by-one/src/ProjectAegis.Sim/bin/Debug/netstandard2.1/ProjectAegis.Sim.dll
  ProjectAegis.Sim -> /home/username01/cmano-clone/.worktrees/saboteur-03-salvo-off-by-one/src/ProjectAegis.Sim/bin/Debug/net8.0/ProjectAegis.Sim.dll
  ProjectAegis.Delegation -> /home/username01/cmano-clone/.worktrees/saboteur-03-salvo-off-by-one/src/ProjectAegis.Delegation/bin/Debug/netstandard2.1/ProjectAegis.Delegation.dll
  ProjectAegis.Data.Excel.Tests -> /home/username01/cmano-clone/.worktrees/saboteur-03-salvo-off-by-one/src/ProjectAegis.Data.Excel.Tests/bin/Debug/net8.0/ProjectAegis.Data.Excel.Tests.dll
  ProjectAegis.Sim.Benchmark -> /home/username01/cmano-clone/.worktrees/saboteur-03-salvo-off-by-one/src/ProjectAegis.Sim.Benchmark/bin/Debug/net8.0/ProjectAegis.Sim.Benchmark.dll
  ProjectAegis.Delegation -> /home/username01/cmano-clone/.worktrees/saboteur-03-salvo-off-by-one/src/ProjectAegis.Delegation/bin/Debug/net8.0/ProjectAegis.Delegation.dll
  ProjectAegis.Data.Tests -> /home/username01/cmano-clone/.worktrees/saboteur-03-salvo-off-by-one/src/ProjectAegis.Data.Tests/bin/Debug/net8.0/ProjectAegis.Data.Tests.dll
  ProjectAegis.Delegation.UnityAdapter -> /home/username01/cmano-clone/.worktrees/saboteur-03-salvo-off-by-one/src/ProjectAegis.Delegation.UnityAdapter/bin/Debug/netstandard2.1/ProjectAegis.Delegation.UnityAdapter.dll
  ProjectAegis.Delegation.UnityAdapter -> /home/username01/cmano-clone/.worktrees/saboteur-03-salvo-off-by-one/src/ProjectAegis.Delegation.UnityAdapter/bin/Debug/net8.0/ProjectAegis.Delegation.UnityAdapter.dll
  ProjectAegis.Delegation.Tests -> /home/username01/cmano-clone/.worktrees/saboteur-03-salvo-off-by-one/src/ProjectAegis.Delegation.Tests/bin/Debug/net8.0/ProjectAegis.Delegation.Tests.dll
  ProjectAegis.Sim.Tests -> /home/username01/cmano-clone/.worktrees/saboteur-03-salvo-off-by-one/src/ProjectAegis.Sim.Tests/bin/Debug/net8.0/ProjectAegis.Sim.Tests.dll
  ProjectAegis.Delegation.Demo -> /home/username01/cmano-clone/.worktrees/saboteur-03-salvo-off-by-one/src/ProjectAegis.Delegation.Demo/bin/Debug/net8.0/ProjectAegis.Delegation.Demo.dll
  ProjectAegis.MissionEditor.Cli -> /home/username01/cmano-clone/.worktrees/saboteur-03-salvo-off-by-one/src/ProjectAegis.MissionEditor.Cli/bin/Debug/net8.0/ProjectAegis.MissionEditor.Cli.dll
  ProjectAegis.Delegation.UnityAdapter.Tests -> /home/username01/cmano-clone/.worktrees/saboteur-03-salvo-off-by-one/src/ProjectAegis.Delegation.UnityAdapter.Tests/bin/Debug/net8.0/ProjectAegis.Delegation.UnityAdapter.Tests.dll
  ProjectAegis.MissionEditor.Cli.Tests -> /home/username01/cmano-clone/.worktrees/saboteur-03-salvo-off-by-one/src/ProjectAegis.MissionEditor.Cli.Tests/bin/Debug/net8.0/ProjectAegis.MissionEditor.Cli.Tests.dll

Build succeeded.
    0 Warning(s)
    0 Error(s)

Time Elapsed 00:00:03.58
