=== tier-2 ticks=10 scenarios=gauntlet-t2-escort-a,gauntlet-t2-escort-passive,gauntlet-t2-strike-a,gauntlet-t2-strike-event ===
BATCH_EXIT=0
ORACLE_EXIT=0
{
  "ok": true,
  "scenarios": [
    {
      "scenario": "gauntlet-t2-escort-a",
      "passed": true,
      "failures": [],
      "rows": 3
    },
    {
      "scenario": "gauntlet-t2-escort-passive",
      "passed": true,
      "failures": [],
      "rows": 3
    },
    {
      "scenario": "gauntlet-t2-strike-a",
      "passed": true,
      "failures": [],
      "rows": 3
    },
    {
      "scenario": "gauntlet-t2-strike-event",
      "passed": true,
      "failures": [],
      "rows": 3
    }
  ],
  "allPassed": true
}
=== tier-3 ticks=16 scenarios=gauntlet-t3-escort-strike,gauntlet-t3-emcon-phases,gauntlet-t3-id-roe,gauntlet-t3-event-chain ===
BATCH_EXIT=0
ORACLE_EXIT=0
{
  "ok": true,
  "scenarios": [
    {
      "scenario": "gauntlet-t3-emcon-phases",
      "passed": true,
      "failures": [],
      "rows": 3
    },
    {
      "scenario": "gauntlet-t3-escort-strike",
      "passed": true,
      "failures": [],
      "rows": 3
    },
    {
      "scenario": "gauntlet-t3-event-chain",
      "passed": true,
      "failures": [],
      "rows": 3
    },
    {
      "scenario": "gauntlet-t3-id-roe",
      "passed": true,
      "failures": [],
      "rows": 3
    }
  ],
  "allPassed": true
}
=== tier-4 ticks=24 scenarios=gauntlet-t4-multi-mission,gauntlet-t4-weighted,gauntlet-t4-asymm-roe,gauntlet-t4-random-inject ===
BATCH_EXIT=0
ORACLE_EXIT=0
{
  "ok": true,
  "scenarios": [
    {
      "scenario": "gauntlet-t4-asymm-roe",
      "passed": true,
      "failures": [],
      "rows": 3
    },
    {
      "scenario": "gauntlet-t4-multi-mission",
      "passed": true,
      "failures": [],
      "rows": 3
    },
    {
      "scenario": "gauntlet-t4-random-inject",
      "passed": true,
      "failures": [],
      "rows": 3
    },
    {
      "scenario": "gauntlet-t4-weighted",
      "passed": true,
      "failures": [],
      "rows": 3
    }
  ],
  "allPassed": true
}
=== tier-5 ticks=40 scenarios=gauntlet-t5-cascade,gauntlet-t5-theater,gauntlet-t5-dynamic-obj,gauntlet-t5-roe-change ===
BATCH_EXIT=0
ORACLE_EXIT=0
{
  "ok": true,
  "scenarios": [
    {
      "scenario": "gauntlet-t5-cascade",
      "passed": true,
      "failures": [],
      "rows": 3
    },
    {
      "scenario": "gauntlet-t5-dynamic-obj",
      "passed": true,
      "failures": [],
      "rows": 3
    },
    {
      "scenario": "gauntlet-t5-roe-change",
      "passed": true,
      "failures": [],
      "rows": 3
    },
    {
      "scenario": "gauntlet-t5-theater",
      "passed": true,
      "failures": [],
      "rows": 3
    }
  ],
  "allPassed": true
}
=== tier-extra ticks=12 scenarios=gauntlet-joint-orbat-smoke,gauntlet-multidomain-shooters ===
BATCH_EXIT=0
ORACLE_EXIT=0
{
  "ok": true,
  "scenarios": [
    {
      "scenario": "gauntlet-joint-orbat-smoke",
      "passed": true,
      "failures": [],
      "rows": 3
    },
    {
      "scenario": "gauntlet-multidomain-shooters",
      "passed": true,
      "failures": [],
      "rows": 3
    }
  ],
  "allPassed": true
}
