Test run for /home/username01/cmano-clone/src/ProjectAegis.Sim.Tests/bin/Debug/net8.0/ProjectAegis.Sim.Tests.dll (.NETCoreApp,Version=v8.0)
Test run for /home/username01/cmano-clone/src/ProjectAegis.Data.Excel.Tests/bin/Debug/net8.0/ProjectAegis.Data.Excel.Tests.dll (.NETCoreApp,Version=v8.0)
Test run for /home/username01/cmano-clone/src/ProjectAegis.Data.Tests/bin/Debug/net8.0/ProjectAegis.Data.Tests.dll (.NETCoreApp,Version=v8.0)
Test run for /home/username01/cmano-clone/src/ProjectAegis.Delegation.Tests/bin/Debug/net8.0/ProjectAegis.Delegation.Tests.dll (.NETCoreApp,Version=v8.0)
Test run for /home/username01/cmano-clone/src/ProjectAegis.Delegation.UnityAdapter.Tests/bin/Debug/net8.0/ProjectAegis.Delegation.UnityAdapter.Tests.dll (.NETCoreApp,Version=v8.0)
VSTest version 17.11.1 (x64)

VSTest version 17.11.1 (x64)

Test run for /home/username01/cmano-clone/src/ProjectAegis.MissionEditor.Cli.Tests/bin/Debug/net8.0/ProjectAegis.MissionEditor.Cli.Tests.dll (.NETCoreApp,Version=v8.0)
VSTest version 17.11.1 (x64)

VSTest version 17.11.1 (x64)

VSTest version 17.11.1 (x64)

Starting test execution, please wait...
VSTest version 17.11.1 (x64)

A total of 1 test files matched the specified pattern.
Starting test execution, please wait...
Starting test execution, please wait...
Starting test execution, please wait...
A total of 1 test files matched the specified pattern.
Starting test execution, please wait...
A total of 1 test files matched the specified pattern.
A total of 1 test files matched the specified pattern.
A total of 1 test files matched the specified pattern.
Starting test execution, please wait...
A total of 1 test files matched the specified pattern.
No test matches the given testcase filter `PlayModeSmokeHarnessTests|ReplayGolden` in /home/username01/cmano-clone/src/ProjectAegis.Data.Excel.Tests/bin/Debug/net8.0/ProjectAegis.Data.Excel.Tests.dll
No test matches the given testcase filter `PlayModeSmokeHarnessTests|ReplayGolden` in /home/username01/cmano-clone/src/ProjectAegis.Sim.Tests/bin/Debug/net8.0/ProjectAegis.Sim.Tests.dll


No test matches the given testcase filter `PlayModeSmokeHarnessTests|ReplayGolden` in /home/username01/cmano-clone/src/ProjectAegis.MissionEditor.Cli.Tests/bin/Debug/net8.0/ProjectAegis.MissionEditor.Cli.Tests.dll
No test matches the given testcase filter `PlayModeSmokeHarnessTests|ReplayGolden` in /home/username01/cmano-clone/src/ProjectAegis.Data.Tests/bin/Debug/net8.0/ProjectAegis.Data.Tests.dll



Passed!  - Failed:     0, Passed:     4, Skipped:     0, Total:     4, Duration: 22 ms - ProjectAegis.Delegation.Tests.dll (net8.0)

Passed!  - Failed:     0, Passed:    38, Skipped:     0, Total:    38, Duration: 394 ms - ProjectAegis.Delegation.UnityAdapter.Tests.dll (net8.0)
