Test run for /home/username01/cmano-clone/src/ProjectAegis.MissionEditor.Cli.Tests/bin/Debug/net8.0/ProjectAegis.MissionEditor.Cli.Tests.dll (.NETCoreApp,Version=v8.0)
Test run for /home/username01/cmano-clone/src/ProjectAegis.Data.Excel.Tests/bin/Debug/net8.0/ProjectAegis.Data.Excel.Tests.dll (.NETCoreApp,Version=v8.0)
VSTest version 17.11.1 (x64)

Test run for /home/username01/cmano-clone/src/ProjectAegis.Delegation.Tests/bin/Debug/net8.0/ProjectAegis.Delegation.Tests.dll (.NETCoreApp,Version=v8.0)
Test run for /home/username01/cmano-clone/src/ProjectAegis.Delegation.UnityAdapter.Tests/bin/Debug/net8.0/ProjectAegis.Delegation.UnityAdapter.Tests.dll (.NETCoreApp,Version=v8.0)
VSTest version 17.11.1 (x64)

Test run for /home/username01/cmano-clone/src/ProjectAegis.Data.Tests/bin/Debug/net8.0/ProjectAegis.Data.Tests.dll (.NETCoreApp,Version=v8.0)
Test run for /home/username01/cmano-clone/src/ProjectAegis.Sim.Tests/bin/Debug/net8.0/ProjectAegis.Sim.Tests.dll (.NETCoreApp,Version=v8.0)
VSTest version 17.11.1 (x64)

Starting test execution, please wait...
VSTest version 17.11.1 (x64)

VSTest version 17.11.1 (x64)
VSTest version 17.11.1 (x64)


A total of 1 test files matched the specified pattern.
Starting test execution, please wait...
A total of 1 test files matched the specified pattern.
Starting test execution, please wait...
Starting test execution, please wait...
Starting test execution, please wait...
A total of 1 test files matched the specified pattern.
Starting test execution, please wait...
A total of 1 test files matched the specified pattern.
A total of 1 test files matched the specified pattern.
A total of 1 test files matched the specified pattern.

Passed!  - Failed:     0, Passed:   326, Skipped:     0, Total:   326, Duration: 112 ms - ProjectAegis.Sim.Tests.dll (net8.0)

Passed!  - Failed:     0, Passed:   388, Skipped:     0, Total:   388, Duration: 799 ms - ProjectAegis.Delegation.Tests.dll (net8.0)

Passed!  - Failed:     0, Passed:   384, Skipped:     0, Total:   384, Duration: 2 s - ProjectAegis.Delegation.UnityAdapter.Tests.dll (net8.0)

Passed!  - Failed:     0, Passed:    24, Skipped:     0, Total:    24, Duration: 4 s - ProjectAegis.Data.Excel.Tests.dll (net8.0)

Passed!  - Failed:     0, Passed:   677, Skipped:     0, Total:   677, Duration: 8 s - ProjectAegis.Data.Tests.dll (net8.0)

Passed!  - Failed:     0, Passed:   113, Skipped:     0, Total:   113, Duration: 38 s - ProjectAegis.MissionEditor.Cli.Tests.dll (net8.0)
TEST_EXIT=0
