[     724ms] [INFO] Resource Sentinel initialized... @ https://app.notion.com/install-integration?response_type=code&client_id=1f8d872b-594c-80a4-b2f4-00370af2b13f&redirect_uri=https%3A%2F%2Fmcp.notion.com%2Fcallback&state=eyJyZXNwb25zZVR5cGUiOiJjb2RlIiwiY2xpZW50SWQiOiJabElHZlZ4aGg4d211U2EtIiwicmVkaXJlY3RVcmkiOiJodHRwOi8vMTI3LjAuMC4xOjg3NjUvY2FsbGJhY2siLCJzY29wZSI6WyJkZWZhdWx0Il0sInN0YXRlIjoiME9kSWhnaGJiaC0xNng1X2pTOHN4QSIsImNvZGVDaGFsbGVuZ2UiOiJHQXpvVmFqWXlvekVFdTl6cGNBa3FKZENBSTZ4cEpnWmlGUHpLM0RQNXlzIiwiY29kZUNoYWxsZW5nZU1ldGhvZCI6IlMyNTYiLCJtY3Bfc3RhdGVfa2V5IjoibWNwXzAzMDc1NTRjYmY5ZDQxNTRhODRjMmE0ZTAxNTZlYmZmIiwibWNwX3N0YXRlX3ZhbCI6ImQ2MjViYzA2LTAyYjgtNDRjMy1iYzdmLTAxNTA5NDZhZDYwZiIsIm1jcF90aW1lIjoxNzg0OTE1MjY4MDE3LCJyZXNvdXJjZSI6Imh0dHBzOi8vbWNwLm5vdGlvbi5jb20vbWNwIn0%3D&owner=user:0
[     994ms] [INFO] 2026-07-24T17:47:48.886Z [info] FeatureFlagTransactionQueue: preferIndexedDB {team: no-team-specified} @ https://app.notion.com/_assets/app-9695fa4571934cb2.js:6
[    1074ms] [WARNING] Ignoring inability to install OPFS sqlite3_vfs: Cannot install OPFS: Missing SharedArrayBuffer and/or Atomics. The server must emit the COOP/COEP response headers to enable those. See https://sqlite.org/wasm/doc/trunk/persistence.md#coop-coep @ https://app.notion.com/_assets/wasm-sqlite-worker-ed2d92bdeb50e50a.js:0
[    1142ms] [LOG] %c
	nnnnnnnnnnnnnnnnnnnnnnnnnnnnnn
	nnnn                         nnnn
	nnnnnnn                          nnnn
	nnnnnnnnnnnnnnnnnnnnnnnnnnnnnnnnnnnnnn
	nnnnnnnnnnnnnnnnnnnnnnnnnnnnnnnnnnnnnn
	nnnnnnnn                           nnn
	nnnnnnnn    nnnnnnnn     nnnnnnn   nnn
	nnnnnnnn      nnnnnnn      nnn     nnn
	nnnnnnnn      nnnnnnnn     nnn     nnn
	nnnnnnnn      nnnnnnnnnn   nnn     nnn
	nnnnnnnn      nnn nnnnnnn  nnn     nnn
	nnnnnnnn      nnn  nnnnnnnnnnn     nnn
	nnnnnnnn      nnn   nnnnnnnnnn     nnn
	nnnnnnnn      nnn     nnnnnnnn     nnn
	nnnnnnnn      nnn      nnnnnnn     nnn
	nnnnnnnn    nnnnnnnn    nnnnnn     nnn
	  nnnnnn                           nnn
		nnnnnnnnnnnnnnnnnnnnnnnnnnnnnnnnnn		We're hiring!
		  nnnnnnnnnnnnnnnnnnnnnnnnnnnnnnnn		notion.so/careers

	“yeah, I would probably eat a lemon for one hundred dollars” -- Ivan Zhao (2023-07-14)
				  font-family: monospace @ https://app.notion.com/_assets/mainApp-a1b027b2b876139d.js:37
[    1288ms] [INFO] 2026-07-24T17:47:49.180Z [info] useExpPingPolling: exp_ping_success {data: Object} @ https://app.notion.com/_assets/app-9695fa4571934cb2.js:6
[    1375ms] [WARNING] [GSI_LOGGER]: Your client application uses one of the Google One Tap prompt UI status methods that may stop functioning when FedCM becomes mandatory. Refer to the migration guide to update your code accordingly and opt-in to FedCM to test your changes. Learn more: https://developers.google.com/identity/gsi/web/guides/fedcm-migration?s=dc#display_moment and https://developers.google.com/identity/gsi/web/guides/fedcm-migration?s=dc#skipped_moment @ https://app.notion.com/_assets/4975-e801568a4e1be5ff.js:472
[    1379ms] [ERROR] Not signed in with the identity provider. @ https://app.notion.com/login:0
[    1379ms] [WARNING] Amplitude Logger [Warn]: Event not tracked, no destination plugins on the instance @ https://app.notion.com/_assets/4975-e801568a4e1be5ff.js:472
[    1379ms] [INFO] 2026-07-24T17:47:49.272Z [error] eventTrailApiHelpers: trackFailure {error: Object} @ https://app.notion.com/_assets/4975-e801568a4e1be5ff.js:472
[    1781ms] [ERROR] Failed to load resource: the server responded with a status of 403 () @ https://cdn.metadata.io/pixel/config/1127.json:0
[    8052ms] [ERROR] [GSI_LOGGER]: FedCM get() rejects with NetworkError: Error retrieving a token. @ https://app.notion.com/_assets/4975-e801568a4e1be5ff.js:472
[   31251ms] [INFO] 2026-07-24T17:48:19.144Z [info] useExpPingPolling: exp_ping_success {data: Object} @ https://app.notion.com/_assets/4975-e801568a4e1be5ff.js:472
[   61254ms] [INFO] 2026-07-24T17:48:49.147Z [info] useExpPingPolling: exp_ping_success {data: Object} @ https://app.notion.com/_assets/4975-e801568a4e1be5ff.js:472
[   91254ms] [INFO] 2026-07-24T17:49:19.147Z [info] useExpPingPolling: exp_ping_success {data: Object} @ https://app.notion.com/_assets/4975-e801568a4e1be5ff.js:472
