{
  "ok": true,
  "scenarios": [
    {
      "scenario": "gauntlet-t3-emcon-phases",
      "passed": true,
      "failures": [],
      "warnings": [
        "gauntlet.emcon: legacy stand-in key ignored by the engine \u2014 real EMCON is the top-level \u0022emcon\u0022 block (BUG-gauntlet-emcon-dimension-not-exercised)"
      ],
      "rows": 3
    },
    {
      "scenario": "gauntlet-t3-escort-strike",
      "passed": true,
      "failures": [],
      "warnings": [],
      "rows": 3
    },
    {
      "scenario": "gauntlet-t3-event-chain",
      "passed": true,
      "failures": [],
      "warnings": [],
      "rows": 3
    },
    {
      "scenario": "gauntlet-t3-id-roe",
      "passed": true,
      "failures": [],
      "warnings": [],
      "rows": 3
    }
  ],
  "allPassed": true
}
