{
  "ok": false,
  "scenarios": [
    {
      "scenario": "gauntlet-t1-patrol-a",
      "passed": false,
      "failures": [
        "row[4] scenario=gauntlet-t1-patrol-a seed=63591: kills 0 \u003C min 1"
      ],
      "warnings": [],
      "rows": 5
    },
    {
      "scenario": "gauntlet-t1-patrol-b",
      "passed": false,
      "failures": [
        "row[4] scenario=gauntlet-t1-patrol-b seed=63591: kills 0 \u003C min 1"
      ],
      "warnings": [],
      "rows": 5
    },
    {
      "scenario": "gauntlet-t1-patrol-c",
      "passed": true,
      "failures": [],
      "warnings": [],
      "rows": 5
    },
    {
      "scenario": "gauntlet-t1-patrol-d",
      "passed": true,
      "failures": [],
      "warnings": [],
      "rows": 5
    }
  ],
  "allPassed": false
}
