  Determining projects to restore...
  All projects are up-to-date for restore.
  ProjectAegis.Data -> /tmp/cmano-clone/.worktrees/saboteur-04-rng-seed-ignored/src/ProjectAegis.Data/bin/Debug/net8.0/ProjectAegis.Data.dll
  ProjectAegis.Sim -> /tmp/cmano-clone/.worktrees/saboteur-04-rng-seed-ignored/src/ProjectAegis.Sim/bin/Debug/net8.0/ProjectAegis.Sim.dll
  ProjectAegis.Delegation -> /tmp/cmano-clone/.worktrees/saboteur-04-rng-seed-ignored/src/ProjectAegis.Delegation/bin/Debug/net8.0/ProjectAegis.Delegation.dll
  ProjectAegis.Delegation.UnityAdapter -> /tmp/cmano-clone/.worktrees/saboteur-04-rng-seed-ignored/src/ProjectAegis.Delegation.UnityAdapter/bin/Debug/net8.0/ProjectAegis.Delegation.UnityAdapter.dll
  ProjectAegis.Delegation.UnityAdapter.Tests -> /tmp/cmano-clone/.worktrees/saboteur-04-rng-seed-ignored/src/ProjectAegis.Delegation.UnityAdapter.Tests/bin/Debug/net8.0/ProjectAegis.Delegation.UnityAdapter.Tests.dll
Test run for /tmp/cmano-clone/.worktrees/saboteur-04-rng-seed-ignored/src/ProjectAegis.Delegation.UnityAdapter.Tests/bin/Debug/net8.0/ProjectAegis.Delegation.UnityAdapter.Tests.dll (.NETCoreApp,Version=v8.0)
VSTest version 17.11.1 (x64)

Starting test execution, please wait...
A total of 1 test files matched the specified pattern.
  Failed Replay_scenario_matches_golden_checkpoint_hashes [326 ms]
  Error Message:
     Assert.That(result.Checkpoints[i].WorldHash, Is.EqualTo(worldHash))
  Expected: 5155818736020725847
  But was:  5706205814114031128

  Stack Trace:
     at ProjectAegis.Delegation.UnityAdapter.Tests.Baltic.ReplayGoldenBalticCheckpointTests.Replay_scenario_matches_golden_checkpoint_hashes() in /tmp/cmano-clone/.worktrees/saboteur-04-rng-seed-ignored/src/ProjectAegis.Delegation.UnityAdapter.Tests/Baltic/ReplayGoldenBalticCheckpointTests.cs:line 33

1)    at ProjectAegis.Delegation.UnityAdapter.Tests.Baltic.ReplayGoldenBalticCheckpointTests.Replay_scenario_matches_golden_checkpoint_hashes() in /tmp/cmano-clone/.worktrees/saboteur-04-rng-seed-ignored/src/ProjectAegis.Delegation.UnityAdapter.Tests/Baltic/ReplayGoldenBalticCheckpointTests.cs:line 33


  Failed Classify_scenario_emits_classified_and_identified_without_engage [34 ms]
  Error Message:
     Assert.That(a.WorldHash, Is.EqualTo(expectedWorld))
  Expected: 11247656866488291461
  But was:  1435879620437816562

  Stack Trace:
     at ProjectAegis.Delegation.UnityAdapter.Tests.Baltic.ReplayGoldenBalticClassifyTests.Classify_scenario_emits_classified_and_identified_without_engage() in /tmp/cmano-clone/.worktrees/saboteur-04-rng-seed-ignored/src/ProjectAegis.Delegation.UnityAdapter.Tests/Baltic/ReplayGoldenBalticClassifyTests.cs:line 33

1)    at ProjectAegis.Delegation.UnityAdapter.Tests.Baltic.ReplayGoldenBalticClassifyTests.Classify_scenario_emits_classified_and_identified_without_engage() in /tmp/cmano-clone/.worktrees/saboteur-04-rng-seed-ignored/src/ProjectAegis.Delegation.UnityAdapter.Tests/Baltic/ReplayGoldenBalticClassifyTests.cs:line 33


  Failed Comms_scenario_fingerprint_and_denials_are_stable [28 ms]
  Error Message:
     Assert.That(result.WorldHash, Is.EqualTo(expectedWorld))
  Expected: 9489786905462778189
  But was:  2551676689929832273

  Stack Trace:
     at ProjectAegis.Delegation.UnityAdapter.Tests.Baltic.ReplayGoldenAssertions.AssertPinnedHashes(Result result, String[] goldenLines) in /tmp/cmano-clone/.worktrees/saboteur-04-rng-seed-ignored/src/ProjectAegis.Delegation.UnityAdapter.Tests/Baltic/ReplayGoldenAssertions.cs:line 15
   at ProjectAegis.Delegation.UnityAdapter.Tests.Baltic.ReplayGoldenBalticCommsTests.Comms_scenario_fingerprint_and_denials_are_stable() in /tmp/cmano-clone/.worktrees/saboteur-04-rng-seed-ignored/src/ProjectAegis.Delegation.UnityAdapter.Tests/Baltic/ReplayGoldenBalticCommsTests.cs:line 24

1)    at ProjectAegis.Delegation.UnityAdapter.Tests.Baltic.ReplayGoldenAssertions.AssertPinnedHashes(Result result, String[] goldenLines) in /tmp/cmano-clone/.worktrees/saboteur-04-rng-seed-ignored/src/ProjectAegis.Delegation.UnityAdapter.Tests/Baltic/ReplayGoldenAssertions.cs:line 15
   at ProjectAegis.Delegation.UnityAdapter.Tests.Baltic.ReplayGoldenBalticCommsTests.Comms_scenario_fingerprint_and_denials_are_stable() in /tmp/cmano-clone/.worktrees/saboteur-04-rng-seed-ignored/src/ProjectAegis.Delegation.UnityAdapter.Tests/Baltic/ReplayGoldenBalticCommsTests.cs:line 24


  Failed Baltic_patrol_matches_golden_world_hash_and_outcome_lines [5 ms]
  Error Message:
     Assert.That(result.WorldHash, Is.EqualTo(expectedWorld))
  Expected: 17144800277401907079
  But was:  16503495951775437659

  Stack Trace:
     at ProjectAegis.Delegation.UnityAdapter.Tests.Baltic.ReplayGoldenAssertions.AssertPinnedHashes(Result result, String[] goldenLines) in /tmp/cmano-clone/.worktrees/saboteur-04-rng-seed-ignored/src/ProjectAegis.Delegation.UnityAdapter.Tests/Baltic/ReplayGoldenAssertions.cs:line 15
   at ProjectAegis.Delegation.UnityAdapter.Tests.Baltic.ReplayGoldenBalticEngageTests.Baltic_patrol_matches_golden_world_hash_and_outcome_lines() in /tmp/cmano-clone/.worktrees/saboteur-04-rng-seed-ignored/src/ProjectAegis.Delegation.UnityAdapter.Tests/Baltic/ReplayGoldenBalticEngageTests.cs:line 17

1)    at ProjectAegis.Delegation.UnityAdapter.Tests.Baltic.ReplayGoldenAssertions.AssertPinnedHashes(Result result, String[] goldenLines) in /tmp/cmano-clone/.worktrees/saboteur-04-rng-seed-ignored/src/ProjectAegis.Delegation.UnityAdapter.Tests/Baltic/ReplayGoldenAssertions.cs:line 15
   at ProjectAegis.Delegation.UnityAdapter.Tests.Baltic.ReplayGoldenBalticEngageTests.Baltic_patrol_matches_golden_world_hash_and_outcome_lines() in /tmp/cmano-clone/.worktrees/saboteur-04-rng-seed-ignored/src/ProjectAegis.Delegation.UnityAdapter.Tests/Baltic/ReplayGoldenBalticEngageTests.cs:line 17


  Failed Intercept_scenario_matches_golden_checkpoint_hashes [5 ms]
  Error Message:
     Assert.That(result.Checkpoints[i].WorldHash, Is.EqualTo(ulong.Parse(parts[1])))
  Expected: 10046278688795706386
  But was:  13671696124501043716

  Stack Trace:
     at ProjectAegis.Delegation.UnityAdapter.Tests.Baltic.ReplayGoldenBalticInterceptCheckpointTests.Intercept_scenario_matches_golden_checkpoint_hashes() in /tmp/cmano-clone/.worktrees/saboteur-04-rng-seed-ignored/src/ProjectAegis.Delegation.UnityAdapter.Tests/Baltic/ReplayGoldenBalticInterceptCheckpointTests.cs:line 29

1)    at ProjectAegis.Delegation.UnityAdapter.Tests.Baltic.ReplayGoldenBalticInterceptCheckpointTests.Intercept_scenario_matches_golden_checkpoint_hashes() in /tmp/cmano-clone/.worktrees/saboteur-04-rng-seed-ignored/src/ProjectAegis.Delegation.UnityAdapter.Tests/Baltic/ReplayGoldenBalticInterceptCheckpointTests.cs:line 29


  Failed Intercept_scenario_matches_golden_hashes_and_outcome_lines [4 ms]
  Error Message:
     Assert.That(result.WorldHash, Is.EqualTo(expectedWorldHash))
  Expected: 1359886999543527975
  But was:  3450070093006819642

  Stack Trace:
     at ProjectAegis.Delegation.UnityAdapter.Tests.Baltic.ReplayGoldenBalticInterceptTests.Intercept_scenario_matches_golden_hashes_and_outcome_lines() in /tmp/cmano-clone/.worktrees/saboteur-04-rng-seed-ignored/src/ProjectAegis.Delegation.UnityAdapter.Tests/Baltic/ReplayGoldenBalticInterceptTests.cs:line 35

1)    at ProjectAegis.Delegation.UnityAdapter.Tests.Baltic.ReplayGoldenBalticInterceptTests.Intercept_scenario_matches_golden_hashes_and_outcome_lines() in /tmp/cmano-clone/.worktrees/saboteur-04-rng-seed-ignored/src/ProjectAegis.Delegation.UnityAdapter.Tests/Baltic/ReplayGoldenBalticInterceptTests.cs:line 35


  Failed Kill_scenario_matches_golden_checkpoint_hashes [4 ms]
  Error Message:
     Assert.That(result.Checkpoints[i].WorldHash, Is.EqualTo(ulong.Parse(parts[1])))
  Expected: 5155818736020725847
  But was:  5706205814114031128

  Stack Trace:
     at ProjectAegis.Delegation.UnityAdapter.Tests.Baltic.ReplayGoldenBalticKillCheckpointTests.Kill_scenario_matches_golden_checkpoint_hashes() in /tmp/cmano-clone/.worktrees/saboteur-04-rng-seed-ignored/src/ProjectAegis.Delegation.UnityAdapter.Tests/Baltic/ReplayGoldenBalticKillCheckpointTests.cs:line 29

1)    at ProjectAegis.Delegation.UnityAdapter.Tests.Baltic.ReplayGoldenBalticKillCheckpointTests.Kill_scenario_matches_golden_checkpoint_hashes() in /tmp/cmano-clone/.worktrees/saboteur-04-rng-seed-ignored/src/ProjectAegis.Delegation.UnityAdapter.Tests/Baltic/ReplayGoldenBalticKillCheckpointTests.cs:line 29


  Failed Pinned_regression_case_matches_golden_hashes(Case { GoldenFile = replay-golden-baltic-engage-2026-06-02.txt, Seed = 42, PolicyId = baltic-patrol, Ticks = 4, MvpEngagement = True, FingerprintMustContain = System.String[] }) [15 ms]
  Error Message:
     Assert.That(result.WorldHash, Is.EqualTo(expectedWorld))
  Expected: 17144800277401907079
  But was:  16503495951775437659

  Stack Trace:
     at ProjectAegis.Delegation.UnityAdapter.Tests.Baltic.ReplayGoldenAssertions.AssertPinnedHashes(Result result, String[] goldenLines) in /tmp/cmano-clone/.worktrees/saboteur-04-rng-seed-ignored/src/ProjectAegis.Delegation.UnityAdapter.Tests/Baltic/ReplayGoldenAssertions.cs:line 15
   at ProjectAegis.Delegation.UnityAdapter.Tests.Baltic.ReplayGoldenSuiteTests.Pinned_regression_case_matches_golden_hashes(Case testCase) in /tmp/cmano-clone/.worktrees/saboteur-04-rng-seed-ignored/src/ProjectAegis.Delegation.UnityAdapter.Tests/Baltic/ReplayGoldenSuiteTests.cs:line 30

1)    at ProjectAegis.Delegation.UnityAdapter.Tests.Baltic.ReplayGoldenAssertions.AssertPinnedHashes(Result result, String[] goldenLines) in /tmp/cmano-clone/.worktrees/saboteur-04-rng-seed-ignored/src/ProjectAegis.Delegation.UnityAdapter.Tests/Baltic/ReplayGoldenAssertions.cs:line 15
   at ProjectAegis.Delegation.UnityAdapter.Tests.Baltic.ReplayGoldenSuiteTests.Pinned_regression_case_matches_golden_hashes(Case testCase) in /tmp/cmano-clone/.worktrees/saboteur-04-rng-seed-ignored/src/ProjectAegis.Delegation.UnityAdapter.Tests/Baltic/ReplayGoldenSuiteTests.cs:line 30


  Failed Pinned_regression_case_matches_golden_hashes(Case { GoldenFile = replay-golden-baltic-comms-2026-06-02.txt, Seed = 42, PolicyId = baltic-patrol-comms, Ticks = 6, MvpEngagement = True, FingerprintMustContain = System.String[] }) [14 ms]
  Error Message:
     Assert.That(result.WorldHash, Is.EqualTo(expectedWorld))
  Expected: 9489786905462778189
  But was:  2551676689929832273

  Stack Trace:
     at ProjectAegis.Delegation.UnityAdapter.Tests.Baltic.ReplayGoldenAssertions.AssertPinnedHashes(Result result, String[] goldenLines) in /tmp/cmano-clone/.worktrees/saboteur-04-rng-seed-ignored/src/ProjectAegis.Delegation.UnityAdapter.Tests/Baltic/ReplayGoldenAssertions.cs:line 15
   at ProjectAegis.Delegation.UnityAdapter.Tests.Baltic.ReplayGoldenSuiteTests.Pinned_regression_case_matches_golden_hashes(Case testCase) in /tmp/cmano-clone/.worktrees/saboteur-04-rng-seed-ignored/src/ProjectAegis.Delegation.UnityAdapter.Tests/Baltic/ReplayGoldenSuiteTests.cs:line 30
   at InvokeStub_ReplayGoldenSuiteTests.Pinned_regression_case_matches_golden_hashes(Object, Span`1)

1)    at ProjectAegis.Delegation.UnityAdapter.Tests.Baltic.ReplayGoldenAssertions.AssertPinnedHashes(Result result, String[] goldenLines) in /tmp/cmano-clone/.worktrees/saboteur-04-rng-seed-ignored/src/ProjectAegis.Delegation.UnityAdapter.Tests/Baltic/ReplayGoldenAssertions.cs:line 15
   at ProjectAegis.Delegation.UnityAdapter.Tests.Baltic.ReplayGoldenSuiteTests.Pinned_regression_case_matches_golden_hashes(Case testCase) in /tmp/cmano-clone/.worktrees/saboteur-04-rng-seed-ignored/src/ProjectAegis.Delegation.UnityAdapter.Tests/Baltic/ReplayGoldenSuiteTests.cs:line 30
   at InvokeStub_ReplayGoldenSuiteTests.Pinned_regression_case_matches_golden_hashes(Object, Span`1)


  Failed Pinned_regression_case_matches_golden_hashes(Case { GoldenFile = replay-golden-baltic-classify-2026-06-02.txt, Seed = 42, PolicyId = baltic-patrol-classify, Ticks = 4, MvpEngagement = False, FingerprintMustContain = System.String[] }) [3 ms]
  Error Message:
     Assert.That(result.WorldHash, Is.EqualTo(expectedWorld))
  Expected: 11247656866488291461
  But was:  1435879620437816562

  Stack Trace:
     at ProjectAegis.Delegation.UnityAdapter.Tests.Baltic.ReplayGoldenAssertions.AssertPinnedHashes(Result result, String[] goldenLines) in /tmp/cmano-clone/.worktrees/saboteur-04-rng-seed-ignored/src/ProjectAegis.Delegation.UnityAdapter.Tests/Baltic/ReplayGoldenAssertions.cs:line 15
   at ProjectAegis.Delegation.UnityAdapter.Tests.Baltic.ReplayGoldenSuiteTests.Pinned_regression_case_matches_golden_hashes(Case testCase) in /tmp/cmano-clone/.worktrees/saboteur-04-rng-seed-ignored/src/ProjectAegis.Delegation.UnityAdapter.Tests/Baltic/ReplayGoldenSuiteTests.cs:line 30
   at InvokeStub_ReplayGoldenSuiteTests.Pinned_regression_case_matches_golden_hashes(Object, Span`1)

1)    at ProjectAegis.Delegation.UnityAdapter.Tests.Baltic.ReplayGoldenAssertions.AssertPinnedHashes(Result result, String[] goldenLines) in /tmp/cmano-clone/.worktrees/saboteur-04-rng-seed-ignored/src/ProjectAegis.Delegation.UnityAdapter.Tests/Baltic/ReplayGoldenAssertions.cs:line 15
   at ProjectAegis.Delegation.UnityAdapter.Tests.Baltic.ReplayGoldenSuiteTests.Pinned_regression_case_matches_golden_hashes(Case testCase) in /tmp/cmano-clone/.worktrees/saboteur-04-rng-seed-ignored/src/ProjectAegis.Delegation.UnityAdapter.Tests/Baltic/ReplayGoldenSuiteTests.cs:line 30
   at InvokeStub_ReplayGoldenSuiteTests.Pinned_regression_case_matches_golden_hashes(Object, Span`1)


  Failed Pinned_regression_case_matches_golden_hashes(Case { GoldenFile = replay-golden-baltic-stale-2026-06-04.txt, Seed = 11, PolicyId = baltic-patrol-stale, Ticks = 3, MvpEngagement = False, FingerprintMustContain = System.String[] }) [3 ms]
  Error Message:
     Assert.That(result.WorldHash, Is.EqualTo(expectedWorld))
  Expected: 6475122010658991189
  But was:  11188953350207181912

  Stack Trace:
     at ProjectAegis.Delegation.UnityAdapter.Tests.Baltic.ReplayGoldenAssertions.AssertPinnedHashes(Result result, String[] goldenLines) in /tmp/cmano-clone/.worktrees/saboteur-04-rng-seed-ignored/src/ProjectAegis.Delegation.UnityAdapter.Tests/Baltic/ReplayGoldenAssertions.cs:line 15
   at ProjectAegis.Delegation.UnityAdapter.Tests.Baltic.ReplayGoldenSuiteTests.Pinned_regression_case_matches_golden_hashes(Case testCase) in /tmp/cmano-clone/.worktrees/saboteur-04-rng-seed-ignored/src/ProjectAegis.Delegation.UnityAdapter.Tests/Baltic/ReplayGoldenSuiteTests.cs:line 30
   at InvokeStub_ReplayGoldenSuiteTests.Pinned_regression_case_matches_golden_hashes(Object, Span`1)

1)    at ProjectAegis.Delegation.UnityAdapter.Tests.Baltic.ReplayGoldenAssertions.AssertPinnedHashes(Result result, String[] goldenLines) in /tmp/cmano-clone/.worktrees/saboteur-04-rng-seed-ignored/src/ProjectAegis.Delegation.UnityAdapter.Tests/Baltic/ReplayGoldenAssertions.cs:line 15
   at ProjectAegis.Delegation.UnityAdapter.Tests.Baltic.ReplayGoldenSuiteTests.Pinned_regression_case_matches_golden_hashes(Case testCase) in /tmp/cmano-clone/.worktrees/saboteur-04-rng-seed-ignored/src/ProjectAegis.Delegation.UnityAdapter.Tests/Baltic/ReplayGoldenSuiteTests.cs:line 30
   at InvokeStub_ReplayGoldenSuiteTests.Pinned_regression_case_matches_golden_hashes(Object, Span`1)


  Failed Pinned_regression_case_matches_golden_hashes(Case { GoldenFile = replay-golden-baltic-spoof-2026-06-04.txt, Seed = 7, PolicyId = baltic-patrol-spoof, Ticks = 5, MvpEngagement = True, FingerprintMustContain = System.String[] }) [7 ms]
  Error Message:
     Assert.That(result.WorldHash, Is.EqualTo(expectedWorld))
  Expected: 12733845258700295615
  But was:  2867396174987876965

  Stack Trace:
     at ProjectAegis.Delegation.UnityAdapter.Tests.Baltic.ReplayGoldenAssertions.AssertPinnedHashes(Result result, String[] goldenLines) in /tmp/cmano-clone/.worktrees/saboteur-04-rng-seed-ignored/src/ProjectAegis.Delegation.UnityAdapter.Tests/Baltic/ReplayGoldenAssertions.cs:line 15
   at ProjectAegis.Delegation.UnityAdapter.Tests.Baltic.ReplayGoldenSuiteTests.Pinned_regression_case_matches_golden_hashes(Case testCase) in /tmp/cmano-clone/.worktrees/saboteur-04-rng-seed-ignored/src/ProjectAegis.Delegation.UnityAdapter.Tests/Baltic/ReplayGoldenSuiteTests.cs:line 30
   at InvokeStub_ReplayGoldenSuiteTests.Pinned_regression_case_matches_golden_hashes(Object, Span`1)

1)    at ProjectAegis.Delegation.UnityAdapter.Tests.Baltic.ReplayGoldenAssertions.AssertPinnedHashes(Result result, String[] goldenLines) in /tmp/cmano-clone/.worktrees/saboteur-04-rng-seed-ignored/src/ProjectAegis.Delegation.UnityAdapter.Tests/Baltic/ReplayGoldenAssertions.cs:line 15
   at ProjectAegis.Delegation.UnityAdapter.Tests.Baltic.ReplayGoldenSuiteTests.Pinned_regression_case_matches_golden_hashes(Case testCase) in /tmp/cmano-clone/.worktrees/saboteur-04-rng-seed-ignored/src/ProjectAegis.Delegation.UnityAdapter.Tests/Baltic/ReplayGoldenSuiteTests.cs:line 30
   at InvokeStub_ReplayGoldenSuiteTests.Pinned_regression_case_matches_golden_hashes(Object, Span`1)


  Failed Pinned_regression_case_matches_golden_hashes(Case { GoldenFile = replay-golden-baltic-readiness-2026-06-04.txt, Seed = 7, PolicyId = baltic-patrol-readiness, Ticks = 5, MvpEngagement = True, FingerprintMustContain = System.String[] }) [7 ms]
  Error Message:
     Assert.That(result.WorldHash, Is.EqualTo(expectedWorld))
  Expected: 12733845258700295615
  But was:  2867396174987876965

  Stack Trace:
     at ProjectAegis.Delegation.UnityAdapter.Tests.Baltic.ReplayGoldenAssertions.AssertPinnedHashes(Result result, String[] goldenLines) in /tmp/cmano-clone/.worktrees/saboteur-04-rng-seed-ignored/src/ProjectAegis.Delegation.UnityAdapter.Tests/Baltic/ReplayGoldenAssertions.cs:line 15
   at ProjectAegis.Delegation.UnityAdapter.Tests.Baltic.ReplayGoldenSuiteTests.Pinned_regression_case_matches_golden_hashes(Case testCase) in /tmp/cmano-clone/.worktrees/saboteur-04-rng-seed-ignored/src/ProjectAegis.Delegation.UnityAdapter.Tests/Baltic/ReplayGoldenSuiteTests.cs:line 30
   at InvokeStub_ReplayGoldenSuiteTests.Pinned_regression_case_matches_golden_hashes(Object, Span`1)

1)    at ProjectAegis.Delegation.UnityAdapter.Tests.Baltic.ReplayGoldenAssertions.AssertPinnedHashes(Result result, String[] goldenLines) in /tmp/cmano-clone/.worktrees/saboteur-04-rng-seed-ignored/src/ProjectAegis.Delegation.UnityAdapter.Tests/Baltic/ReplayGoldenAssertions.cs:line 15
   at ProjectAegis.Delegation.UnityAdapter.Tests.Baltic.ReplayGoldenSuiteTests.Pinned_regression_case_matches_golden_hashes(Case testCase) in /tmp/cmano-clone/.worktrees/saboteur-04-rng-seed-ignored/src/ProjectAegis.Delegation.UnityAdapter.Tests/Baltic/ReplayGoldenSuiteTests.cs:line 30
   at InvokeStub_ReplayGoldenSuiteTests.Pinned_regression_case_matches_golden_hashes(Object, Span`1)



Failed!  - Failed:    13, Passed:     4, Skipped:     0, Total:    17, Duration: 556 ms - ProjectAegis.Delegation.UnityAdapter.Tests.dll (net8.0)
