{
  "ok": false,
  "scenarios": [
    {
      "scenario": "gauntlet-t5-cascade",
      "passed": true,
      "failures": [],
      "rows": 3
    },
    {
      "scenario": "gauntlet-t5-dynamic-obj",
      "passed": true,
      "failures": [],
      "rows": 3
    },
    {
      "scenario": "gauntlet-t5-roe-change",
      "passed": false,
      "failures": [
        "row[0] scenario=gauntlet-t5-roe-change seed=42: denials 80 \u003E max 28",
        "row[0] scenario=gauntlet-t5-roe-change seed=42: score -200 \u003C min 50",
        "row[1] scenario=gauntlet-t5-roe-change seed=7: denials 80 \u003E max 28",
        "row[1] scenario=gauntlet-t5-roe-change seed=7: score -300 \u003C min 50",
        "row[2] scenario=gauntlet-t5-roe-change seed=123: denials 80 \u003E max 28",
        "row[2] scenario=gauntlet-t5-roe-change seed=123: score -300 \u003C min 50"
      ],
      "rows": 3
    },
    {
      "scenario": "gauntlet-t5-theater",
      "passed": true,
      "failures": [],
      "rows": 3
    }
  ],
  "allPassed": false
}
