{
  "ok": false,
  "scenarios": [
    {
      "scenario": "gauntlet-joint-orbat-smoke",
      "passed": false,
      "failures": [
        "row[3] scenario=gauntlet-joint-orbat-smoke seed=73846: kills 2 \u003C min 5",
        "row[4] scenario=gauntlet-joint-orbat-smoke seed=63591: kills 3 \u003C min 5"
      ],
      "warnings": [],
      "rows": 5
    },
    {
      "scenario": "gauntlet-multidomain-shooters",
      "passed": true,
      "failures": [],
      "warnings": [],
      "rows": 5
    }
  ],
  "allPassed": false
}
